// Jest Snapshot v1, https://goo.gl/fbAQLP

exports[`Test for component <FirstApp/> Must be Match with the Snapshot 1`] = `
<div>
  <div>
    <h1
      data-testid="test-title"
    >
       
      title
       
    </h1>
    <h3
      data-testid="test-subtitle"
    >
      Dont have subtitle
    </h3>
    <p>
      Dont have name
    </p>
  </div>
</div>
`;
